hybrid seed=2026 fold=0 auc=0.70005
hybrid seed=2026 fold=1 auc=0.68599
hybrid seed=2026 fold=2 auc=0.69588
hybrid seed=2026 fold=3 auc=0.66816
hybrid seed=2026 fold=4 auc=0.70466
hybrid seed=2026 OOF=0.689358
hybrid seed=2027 fold=0 auc=0.66537
hybrid seed=2027 fold=1 auc=0.69419
hybrid seed=2027 fold=2 auc=0.70469
hybrid seed=2027 fold=3 auc=0.68775
hybrid seed=2027 fold=4 auc=0.69830
hybrid seed=2027 OOF=0.687964
hybrid seed=2028 fold=0 auc=0.67219
hybrid seed=2028 fold=1 auc=0.71390
hybrid seed=2028 fold=2 auc=0.68954
hybrid seed=2028 fold=3 auc=0.69791
hybrid seed=2028 fold=4 auc=0.69167
hybrid seed=2028 OOF=0.691920
hybrid seed=2029 fold=0 auc=0.69941
hybrid seed=2029 fold=1 auc=0.70264
hybrid seed=2029 fold=2 auc=0.68785
hybrid seed=2029 fold=3 auc=0.68754
hybrid seed=2029 fold=4 auc=0.66979
hybrid seed=2029 OOF=0.688278
{
  "oof_auc": 0.6961221189113105,
  "nested_oof_auc": 0.7019442547005403,
  "corr_vs_main": 0.9861866060700205,
  "corr_vs_plus": 0.9245992923277305,
  "gate_0_715": false,
  "gap_to_0_715": 0.013056
}
