seed=2026 fold=0 long_auc=0.60030
seed=2026 fold=1 long_auc=0.61527
seed=2026 fold=2 long_auc=0.63634
seed=2026 fold=3 long_auc=0.61537
seed=2026 fold=4 long_auc=0.62332
seed=2026 longOOF=0.584675
seed=2027 fold=0 long_auc=0.63991
seed=2027 fold=1 long_auc=0.62069
seed=2027 fold=2 long_auc=0.62555
seed=2027 fold=3 long_auc=0.60543
seed=2027 fold=4 long_auc=0.62732
seed=2027 longOOF=0.623747
seed=2028 fold=0 long_auc=0.63638
seed=2028 fold=1 long_auc=0.60544
seed=2028 fold=2 long_auc=0.66612
seed=2028 fold=3 long_auc=0.61575
seed=2028 fold=4 long_auc=0.62452
seed=2028 longOOF=0.594630
seed=2029 fold=0 long_auc=0.62549
seed=2029 fold=1 long_auc=0.64336
seed=2029 fold=2 long_auc=0.64770
seed=2029 fold=3 long_auc=0.56893
seed=2029 fold=4 long_auc=0.62152
seed=2029 longOOF=0.620480
max3 0.7027049552615718 long 0.6632316460136786
long_only slice 0.5959072219460031
patch 0.6733036894972371
meanL 0.693939782051925
b7_3arm: nested=0.70270496 rule=max folds=['max', 'max', 'max', 'max', 'max'] full_max=0.7027049552615718
b7+patch: nested=0.70061552 rule=median folds=['median', 'median', 'median', 'median', 'median'] full_max=0.68459229077152
b7+meanL: nested=0.70122679 rule=median folds=['median', 'median', 'median', 'median', 'median'] full_max=0.6960738536350022
max3×patch: nested=0.69851438 rule=mean_2_1 folds=['mean_2_1', 'mean_2_1', 'mean_2_1', 'mean_2_1', 'mean_2_1'] full_max=0.68459229077152
max3×meanL: nested=0.70146499 rule=mean_2_1 folds=['mean_2_1', 'mean_2_1', 'mean_2_1', 'mean_2_1', 'mean_2_1'] full_max=0.6960738536350022
b7+lo_raw: nested=0.69803104 rule=median folds=['median', 'median', 'median', 'median', 'median'] full_max=0.68459229077152
{
  "experiment_id": "b6pro_long_only_gap",
  "builder": "gap",
  "min_days": 5000.0,
  "seeds": [
    2026,
    2027,
    2028,
    2029
  ],
  "best_fusion": "b7_3arm",
  "nested_oof_auc": 0.7027049552615718,
  "selected_rule": "max",
  "fold_rules": [
    "max",
    "max",
    "max",
    "max",
    "max"
  ],
  "full_data_scores": {
    "mean": 0.699961596762624,
    "mean_2_1": 0.6997104182937538,
    "power2": 0.7003473706669724,
    "power3": 0.7006526858581348,
    "max": 0.7027049552615718,
    "rank_mean": 0.6979613742447728,
    "geom_mean": 0.6994661064312039,
    "min": 0.6899075416434794,
    "median": 0.698776360802147,
    "mean_3_1_1": 0.6995350212844892
  },
  "all_candidate_nested": {
    "b7_3arm": 0.7027049552615718,
    "b7+patch": 0.7006155166195757,
    "b7+meanL": 0.7012267938561189,
    "max3\u00d7patch": 0.6985143848436285,
    "max3\u00d7meanL": 0.701464985482601,
    "b7+lo_raw": 0.6980310354683106
  },
  "long_only_slice_auc": 0.5959072219460031,
  "baseline_max3": 0.7027049552615718,
  "gate_0_71": false,
  "gap_to_0_71": 0.007295044738428125,
  "protocol_declaration": {
    "no_test_labels": true,
    "no_global_te": true,
    "fold_local_fe": true,
    "long_only_specialist": true,
    "b7_floor_enforced": true,
    "no_oof_weight_search": true,
    "new_data_only": true
  }
}
GATE=FAIL nested=0.70270496
