rcb2 s2026 f0 0.70877 base=0.71349
rcb2 s2026 f1 0.70221 base=0.70646
rcb2 s2026 f2 0.69568 base=0.70097
rcb2 s2026 f3 0.68018 base=0.69089
rcb2 s2026 f4 0.71140 base=0.71747
rcb2 s2026 OOF=0.694879 long=0.657057
rcb2 s2027 f0 0.68223 base=0.68619
rcb2 s2027 f1 0.70243 base=0.70897
rcb2 s2027 f2 0.71035 base=0.71582
rcb2 s2027 f3 0.70456 base=0.70843
rcb2 s2027 f4 0.70432 base=0.70905
rcb2 s2027 OOF=0.697811 long=0.659259
rcb2 s2028 f0 0.67688 base=0.69077
rcb2 s2028 f1 0.72462 base=0.72794
rcb2 s2028 f2 0.69629 base=0.70196
rcb2 s2028 f3 0.70165 base=0.70831
rcb2 s2028 f4 0.69669 base=0.70028
rcb2 s2028 OOF=0.692713 long=0.655583
rcb2 s2029 f0 0.70512 base=0.71250
rcb2 s2029 f1 0.71071 base=0.71495
rcb2 s2029 f2 0.69605 base=0.70609
rcb2 s2029 f3 0.68946 base=0.70273
rcb2 s2029 f4 0.68900 base=0.69364
rcb2 s2029 OOF=0.692487 long=0.656525
pooled resid 0.6976775047588567 long 0.6601371508628167 corr_base 0.7513111697302352
blend_s0.05: direct=0.70497188 best=0.70497188
weak_s0.05: direct=0.70538995 best=0.70538995
blend_s0.1: direct=0.70404852 best=0.70538995
weak_s0.1: direct=0.70464930 best=0.70538995
blend_s0.15: direct=0.70299524 best=0.70538995
weak_s0.15: direct=0.70356791 best=0.70538995
blend_s0.2: direct=0.70191982 best=0.70538995
weak_s0.2: direct=0.70234889 best=0.70538995
blend_s0.3: direct=0.69970977 best=0.70538995
weak_s0.3: direct=0.69976540 best=0.70538995
blend_s0.5: direct=0.69522881 best=0.70538995
weak_s0.5: direct=0.69462201 best=0.70538995
b7+raw: 0.70136393
cur+raw: 0.70204591
{
  "best": "direct_weak_s0.05",
  "nested": 0.7053899476067986,
  "resid": 0.6976775047588567,
  "promoted": false,
  "gate": false,
  "top": [
    [
      "direct_weak_s0.05",
      0.7053899476067986
    ],
    [
      "b7+weak_s0.15",
      0.7051616080676454
    ],
    [
      "cur+weak_s0.15",
      0.7051568810560482
    ],
    [
      "b7+blend_s0.15",
      0.7051135418234045
    ],
    [
      "cur+blend_s0.15",
      0.7051103573103285
    ],
    [
      "b7+weak_s0.2",
      0.704993575244869
    ],
    [
      "cur+weak_s0.2",
      0.7049880521050029
    ],
    [
      "direct_blend_s0.05",
      0.7049718807495389
    ],
    [
      "b7+blend_s0.1",
      0.7049253072458022
    ],
    [
      "cur+blend_s0.1",
      0.7049235657152138
    ],
    [
      "b7+weak_s0.1",
      0.7049108774209265
    ],
    [
      "cur+weak_s0.1",
      0.7049075933918169
    ]
  ]
}
GATE=FAIL nested=0.70538995 promoted=False
